00> PC: 0002, State: 0002
00> Registers: 
00>      r00:0000 r01:0000 r02:0000 r03:0000 r04:0000 r05:0000 r06:0000 r07:0000
00>      r08:0000 r09:0000 r10:0000 r11:0000 r12:0000 r13:0000 r14:0000 r15:0000
00> Next instruction: loadi 42, r0

00> PC: 0006, State: 0002
00> Registers: 
00>      r00:002a r01:0000 r02:0000 r03:0000 r04:0000 r05:0000 r06:0000 r07:0000
00>      r08:0000 r09:0000 r10:0000 r11:0000 r12:0000 r13:0000 r14:0000 r15:0000
00> Next instruction: loadi 0, r1

00> PC: 000a, State: 0002
00> Registers: 
00>      r00:002a r01:0000 r02:0000 r03:0000 r04:0000 r05:0000 r06:0000 r07:0000
00>      r08:0000 r09:0000 r10:0000 r11:0000 r12:0000 r13:0000 r14:0000 r15:0000
00> Next instruction: loadi 2, r3

00> PC: 000e, State: 0002
00> Registers: 
00>      r00:002a r01:0000 r02:0000 r03:0002 r04:0000 r05:0000 r06:0000 r07:0000
00>      r08:0000 r09:0000 r10:0000 r11:0000 r12:0000 r13:0000 r14:0000 r15:0000
00> Next instruction: loadi 4, r4

00> PC: 0012, State: 0002
00> Registers: 
00>      r00:002a r01:0000 r02:0000 r03:0002 r04:0004 r05:0000 r06:0000 r07:0000
00>      r08:0000 r09:0000 r10:0000 r11:0000 r12:0000 r13:0000 r14:0000 r15:0000
00> Next instruction: load r0, r2

00> PC: 0014, State: 0002
00> Registers: 
00>      r00:002a r01:0000 r02:0000 r03:0002 r04:0004 r05:0000 r06:0000 r07:0000
00>      r08:0000 r09:0000 r10:0000 r11:0000 r12:0000 r13:0000 r14:0000 r15:0000
00> Next instruction: equ r2, r1

00> PC: 0016, State: 0003
00> Registers: 
00>      r00:002a r01:0000 r02:0000 r03:0002 r04:0004 r05:0000 r06:0000 r07:0000
00>      r08:0000 r09:0000 r10:0000 r11:0000 r12:0000 r13:0000 r14:0000 r15:0000
00> Next instruction: br 4

00> PC: 001a, State: 0003
00> Registers: 
00>      r00:002a r01:0000 r02:0000 r03:0002 r04:0004 r05:0000 r06:0000 r07:0000
00>      r08:0000 r09:0000 r10:0000 r11:0000 r12:0000 r13:0000 r14:0000 r15:0000
00> Next instruction: inc r1

00> PC: 001c, State: 0003
00> Registers: 
00>      r00:002a r01:0001 r02:0000 r03:0002 r04:0004 r05:0000 r06:0000 r07:0000
00>      r08:0000 r09:0000 r10:0000 r11:0000 r12:0000 r13:0000 r14:0000 r15:0000
00> Next instruction: equ r1, r4

00> PC: 001e, State: 0002
00> Registers: 
00>      r00:002a r01:0001 r02:0000 r03:0002 r04:0004 r05:0000 r06:0000 r07:0000
00>      r08:0000 r09:0000 r10:0000 r11:0000 r12:0000 r13:0000 r14:0000 r15:0000
00> Next instruction: br 10

00> PC: 0020, State: 0002
00> Registers: 
00>      r00:002a r01:0001 r02:0000 r03:0002 r04:0004 r05:0000 r06:0000 r07:0000
00>      r08:0000 r09:0000 r10:0000 r11:0000 r12:0000 r13:0000 r14:0000 r15:0000
00> Next instruction: add r3, r0

00> PC: 0022, State: 0002
00> Registers: 
00>      r00:002c r01:0001 r02:0000 r03:0002 r04:0004 r05:0000 r06:0000 r07:0000
00>      r08:0000 r09:0000 r10:0000 r11:0000 r12:0000 r13:0000 r14:0000 r15:0000
00> Next instruction: jr 240

00> PC: 0012, State: 0002
00> Registers: 
00>      r00:002c r01:0001 r02:0000 r03:0002 r04:0004 r05:0000 r06:0000 r07:0000
00>      r08:0000 r09:0000 r10:0000 r11:0000 r12:0000 r13:0000 r14:0000 r15:0000
00> Next instruction: load r0, r2

00> PC: 0014, State: 0002
00> Registers: 
00>      r00:002c r01:0001 r02:0001 r03:0002 r04:0004 r05:0000 r06:0000 r07:0000
00>      r08:0000 r09:0000 r10:0000 r11:0000 r12:0000 r13:0000 r14:0000 r15:0000
00> Next instruction: equ r2, r1

00> PC: 0016, State: 0003
00> Registers: 
00>      r00:002c r01:0001 r02:0001 r03:0002 r04:0004 r05:0000 r06:0000 r07:0000
00>      r08:0000 r09:0000 r10:0000 r11:0000 r12:0000 r13:0000 r14:0000 r15:0000
00> Next instruction: br 4

00> PC: 001a, State: 0003
00> Registers: 
00>      r00:002c r01:0001 r02:0001 r03:0002 r04:0004 r05:0000 r06:0000 r07:0000
00>      r08:0000 r09:0000 r10:0000 r11:0000 r12:0000 r13:0000 r14:0000 r15:0000
00> Next instruction: inc r1

00> PC: 001c, State: 0003
00> Registers: 
00>      r00:002c r01:0002 r02:0001 r03:0002 r04:0004 r05:0000 r06:0000 r07:0000
00>      r08:0000 r09:0000 r10:0000 r11:0000 r12:0000 r13:0000 r14:0000 r15:0000
00> Next instruction: equ r1, r4

00> PC: 001e, State: 0002
00> Registers: 
00>      r00:002c r01:0002 r02:0001 r03:0002 r04:0004 r05:0000 r06:0000 r07:0000
00>      r08:0000 r09:0000 r10:0000 r11:0000 r12:0000 r13:0000 r14:0000 r15:0000
00> Next instruction: br 10

00> PC: 0020, State: 0002
00> Registers: 
00>      r00:002c r01:0002 r02:0001 r03:0002 r04:0004 r05:0000 r06:0000 r07:0000
00>      r08:0000 r09:0000 r10:0000 r11:0000 r12:0000 r13:0000 r14:0000 r15:0000
00> Next instruction: add r3, r0

00> PC: 0022, State: 0002
00> Registers: 
00>      r00:002e r01:0002 r02:0001 r03:0002 r04:0004 r05:0000 r06:0000 r07:0000
00>      r08:0000 r09:0000 r10:0000 r11:0000 r12:0000 r13:0000 r14:0000 r15:0000
00> Next instruction: jr 240

00> PC: 0012, State: 0002
00> Registers: 
00>      r00:002e r01:0002 r02:0001 r03:0002 r04:0004 r05:0000 r06:0000 r07:0000
00>      r08:0000 r09:0000 r10:0000 r11:0000 r12:0000 r13:0000 r14:0000 r15:0000
00> Next instruction: load r0, r2

00> PC: 0014, State: 0002
00> Registers: 
00>      r00:002e r01:0002 r02:0002 r03:0002 r04:0004 r05:0000 r06:0000 r07:0000
00>      r08:0000 r09:0000 r10:0000 r11:0000 r12:0000 r13:0000 r14:0000 r15:0000
00> Next instruction: equ r2, r1

00> PC: 0016, State: 0003
00> Registers: 
00>      r00:002e r01:0002 r02:0002 r03:0002 r04:0004 r05:0000 r06:0000 r07:0000
00>      r08:0000 r09:0000 r10:0000 r11:0000 r12:0000 r13:0000 r14:0000 r15:0000
00> Next instruction: br 4

00> PC: 001a, State: 0003
00> Registers: 
00>      r00:002e r01:0002 r02:0002 r03:0002 r04:0004 r05:0000 r06:0000 r07:0000
00>      r08:0000 r09:0000 r10:0000 r11:0000 r12:0000 r13:0000 r14:0000 r15:0000
00> Next instruction: inc r1

00> PC: 001c, State: 0003
00> Registers: 
00>      r00:002e r01:0003 r02:0002 r03:0002 r04:0004 r05:0000 r06:0000 r07:0000
00>      r08:0000 r09:0000 r10:0000 r11:0000 r12:0000 r13:0000 r14:0000 r15:0000
00> Next instruction: equ r1, r4

00> PC: 001e, State: 0002
00> Registers: 
00>      r00:002e r01:0003 r02:0002 r03:0002 r04:0004 r05:0000 r06:0000 r07:0000
00>      r08:0000 r09:0000 r10:0000 r11:0000 r12:0000 r13:0000 r14:0000 r15:0000
00> Next instruction: br 10

00> PC: 0020, State: 0002
00> Registers: 
00>      r00:002e r01:0003 r02:0002 r03:0002 r04:0004 r05:0000 r06:0000 r07:0000
00>      r08:0000 r09:0000 r10:0000 r11:0000 r12:0000 r13:0000 r14:0000 r15:0000
00> Next instruction: add r3, r0

00> PC: 0022, State: 0002
00> Registers: 
00>      r00:0030 r01:0003 r02:0002 r03:0002 r04:0004 r05:0000 r06:0000 r07:0000
00>      r08:0000 r09:0000 r10:0000 r11:0000 r12:0000 r13:0000 r14:0000 r15:0000
00> Next instruction: jr 240

00> PC: 0012, State: 0002
00> Registers: 
00>      r00:0030 r01:0003 r02:0002 r03:0002 r04:0004 r05:0000 r06:0000 r07:0000
00>      r08:0000 r09:0000 r10:0000 r11:0000 r12:0000 r13:0000 r14:0000 r15:0000
00> Next instruction: load r0, r2

00> PC: 0014, State: 0002
00> Registers: 
00>      r00:0030 r01:0003 r02:0003 r03:0002 r04:0004 r05:0000 r06:0000 r07:0000
00>      r08:0000 r09:0000 r10:0000 r11:0000 r12:0000 r13:0000 r14:0000 r15:0000
00> Next instruction: equ r2, r1

00> PC: 0016, State: 0003
00> Registers: 
00>      r00:0030 r01:0003 r02:0003 r03:0002 r04:0004 r05:0000 r06:0000 r07:0000
00>      r08:0000 r09:0000 r10:0000 r11:0000 r12:0000 r13:0000 r14:0000 r15:0000
00> Next instruction: br 4

00> PC: 001a, State: 0003
00> Registers: 
00>      r00:0030 r01:0003 r02:0003 r03:0002 r04:0004 r05:0000 r06:0000 r07:0000
00>      r08:0000 r09:0000 r10:0000 r11:0000 r12:0000 r13:0000 r14:0000 r15:0000
00> Next instruction: inc r1

00> PC: 001c, State: 0003
00> Registers: 
00>      r00:0030 r01:0004 r02:0003 r03:0002 r04:0004 r05:0000 r06:0000 r07:0000
00>      r08:0000 r09:0000 r10:0000 r11:0000 r12:0000 r13:0000 r14:0000 r15:0000
00> Next instruction: equ r1, r4

00> PC: 001e, State: 0003
00> Registers: 
00>      r00:0030 r01:0004 r02:0003 r03:0002 r04:0004 r05:0000 r06:0000 r07:0000
00>      r08:0000 r09:0000 r10:0000 r11:0000 r12:0000 r13:0000 r14:0000 r15:0000
00> Next instruction: br 10

00> PC: 0028, State: 0003
00> Registers: 
00>      r00:0030 r01:0004 r02:0003 r03:0002 r04:0004 r05:0000 r06:0000 r07:0000
00>      r08:0000 r09:0000 r10:0000 r11:0000 r12:0000 r13:0000 r14:0000 r15:0000
00> Next instruction: (null) 

